MAP
  NAME "Dienst der Publieke Werken"
  INCLUDE "header.inc"

  WEB
    METADATA
      "ows_title"           "Dienst der Publieke Werken"
      "ows_abstract"        "Dienst der Publieke Werken"
    END
  END

  CONFIG "CPL_VSIL_CURL_ALLOWED_EXTENSIONS" ".tif"
  CONFIG "GDAL_DISABLE_READDIR_ON_OPEN"     "TRUE"

    #-------------------------------------------------------------------
    # UITVOERFORMATEN
    #-------------------------------------------------------------------

  OUTPUTFORMAT
    NAME "GTiff"
    DRIVER GDAL/GTiff
    MIMETYPE "image/tiff"
    IMAGEMODE RGB
    EXTENSION "tif"
  END

  #=============================================================================
  # 1909: Dienst der Publieke Werken
  #=============================================================================

  LAYER
    NAME                    "publieke-werken-1909-28992"
    GROUP                   "publieke-werken-1909-28992"
    TILEINDEX               "/srv/mapserver/publieke-werken/1909/28992/index.shp"
    TILEITEM                "location"
    TYPE                    RASTER
    PROJECTION
      "init=epsg:28992"
    END

    METADATA
      "ows_title"           "Dienst der Publieke Werken (1909)"
      "ows_group_title"     "Dienst der Publieke Werken (1909)"
      "ows_abstract"        "Dienst der Publieke Werken (1909)"
      "wms_srs"             "EPSG:28992"
      "wms_name"            "publieke-werken"
      "wms_format"          "image/tiff"
      "wms_server_version"  "1.1.1"
    END
  END

  #=============================================================================
  # 1943: Dienst der Publieke Werken
  #=============================================================================

  LAYER
    NAME                    "publieke-werken-1943-28992"
    GROUP                   "publieke-werken-1943-28992"
    TILEINDEX               "/srv/mapserver/publieke-werken/1943/28992/index.shp"
    TILEITEM                "location"
    TYPE                    RASTER
    PROJECTION
      "init=epsg:28992"
    END

    METADATA
      "ows_title"           "Dienst der Publieke Werken (1943)"
      "ows_group_title"     "Dienst der Publieke Werken (1943)"
      "ows_abstract"        "Dienst der Publieke Werken (1943)"
      "wms_srs"             "EPSG:28992"
      "wms_name"            "publieke-werken"
      "wms_format"          "image/tiff"
      "wms_server_version"  "1.1.1"
    END
  END

  #=============================================================================
  # 1943: Dienst der Publieke Werken
  #=============================================================================

  LAYER
    NAME                    "publieke-werken-1943-2500-28992"
    GROUP                   "publieke-werken-1943-2500-28992"
    TILEINDEX               "/srv/mapserver/publieke-werken/1943-2500/28992/index.shp"
    TILEITEM                "location"
    TYPE                    RASTER
    PROJECTION
      "init=epsg:28992"
    END

    METADATA
      "ows_title"           "Dienst der Publieke Werken (1943)"
      "ows_group_title"     "Dienst der Publieke Werken (1943)"
      "ows_abstract"        "Dienst der Publieke Werken (1943)"
      "wms_srs"             "EPSG:28992"
      "wms_name"            "publieke-werken"
      "wms_format"          "image/tiff"
      "wms_server_version"  "1.1.1"
    END
  END

  #=============================================================================
  # 1985: Dienst der Publieke Werken
  #=============================================================================

  LAYER
    NAME                    "publieke-werken-1985-28992"
    GROUP                   "publieke-werken-1985-28992"
    TILEINDEX               "/srv/mapserver/publieke-werken/1985/28992/index.shp"
    TILEITEM                "location"
    TYPE                    RASTER
    PROJECTION
      "init=epsg:28992"
    END

    METADATA
      "ows_title"           "Dienst der Publieke Werken (1985)"
      "ows_group_title"     "Dienst der Publieke Werken (1985)"
      "ows_abstract"        "Dienst der Publieke Werken (1985)"
      "wms_srs"             "EPSG:28992"
      "wms_name"            "publieke-werken"
      "wms_format"          "image/tiff"
      "wms_server_version"  "1.1.1"
    END
  END





  #=============================================================================
  # 1945: Dienst der Publieke Werken
  #=============================================================================

  LAYER
    NAME                    "publieke-werken-1945-28992"
    GROUP                   "publieke-werken-1945-28992"
    TILEINDEX               "/srv/mapserver/maps/publieke-werken/1945/28992/index/index.shp"
    TILEITEM                "location"
    TYPE                    RASTER
    PROJECTION
      "init=epsg:28992"
    END

    METADATA
      "ows_title"           "Dienst der Publieke Werken (1945)"
      "ows_group_title"     "Dienst der Publieke Werken (1945)"
      "ows_abstract"        "Dienst der Publieke Werken (1945)"
      "wms_srs"             "EPSG:28992"
      "wms_name"            "publieke-werken"
      "wms_format"          "image/tiff"
      "wms_server_version"  "1.1.1"
    END
  END

  #=============================================================================
  # 1950: Dienst der Publieke Werken
  #=============================================================================

  LAYER
    NAME                    "publieke-werken-1950-28992"
    GROUP                   "publieke-werken-1950-28992"
    TILEINDEX               "/srv/mapserver/maps/publieke-werken/1950/28992/index/index.shp"
    TILEITEM                "location"
    TYPE                    RASTER
    PROJECTION
      "init=epsg:28992"
    END

    METADATA
      "ows_title"           "Dienst der Publieke Werken (1950)"
      "ows_group_title"     "Dienst der Publieke Werken (1950)"
      "ows_abstract"        "Dienst der Publieke Werken (1950)"
      "wms_srs"             "EPSG:28992"
      "wms_name"            "publieke-werken"
      "wms_format"          "image/tiff"
      "wms_server_version"  "1.1.1"
    END
  END

  #=============================================================================
  # 1960: Dienst der Publieke Werken
  #=============================================================================

  LAYER
    NAME                    "publieke-werken-1960-28992"
    GROUP                   "publieke-werken-1960-28992"
    TILEINDEX               "/srv/mapserver/maps/publieke-werken/1960/28992/index/index.shp"
    TILEITEM                "location"
    TYPE                    RASTER
    PROJECTION
      "init=epsg:28992"
    END

    METADATA
      "ows_title"           "Dienst der Publieke Werken (1960)"
      "ows_group_title"     "Dienst der Publieke Werken (1960)"
      "ows_abstract"        "Dienst der Publieke Werken (1960)"
      "wms_srs"             "EPSG:28992"
      "wms_name"            "publieke-werken"
      "wms_format"          "image/tiff"
      "wms_server_version"  "1.1.1"
    END
  END

  #=============================================================================
  # 1970: Dienst der Publieke Werken
  #=============================================================================

  LAYER
    NAME                    "publieke-werken-1970-28992"
    GROUP                   "publieke-werken-1970-28992"
    TILEINDEX               "/srv/mapserver/maps/publieke-werken/1970/28992/index/index.shp"
    TILEITEM                "location"
    TYPE                    RASTER
    PROJECTION
      "init=epsg:28992"
    END

    METADATA
      "ows_title"           "Dienst der Publieke Werken (1970)"
      "ows_group_title"     "Dienst der Publieke Werken (1970)"
      "ows_abstract"        "Dienst der Publieke Werken (1970)"
      "wms_srs"             "EPSG:28992"
      "wms_name"            "publieke-werken"
      "wms_format"          "image/tiff"
      "wms_server_version"  "1.1.1"
    END
  END

  #=============================================================================
  # 1980: Dienst der Publieke Werken
  #=============================================================================

  LAYER
    NAME                    "publieke-werken-1980-28992"
    GROUP                   "publieke-werken-1980-28992"
    TILEINDEX               "/srv/mapserver/maps/publieke-werken/1980/28992/index/index.shp"
    TILEITEM                "location"
    TYPE                    RASTER
    PROJECTION
      "init=epsg:28992"
    END

    METADATA
      "ows_title"           "Dienst der Publieke Werken (1980)"
      "ows_group_title"     "Dienst der Publieke Werken (1980)"
      "ows_abstract"        "Dienst der Publieke Werken (1980)"
      "wms_srs"             "EPSG:28992"
      "wms_name"            "publieke-werken"
      "wms_format"          "image/tiff"
      "wms_server_version"  "1.1.1"
    END
  END















  #=============================================================================
  # 1943: Dienst der Publieke Werken 1:2500 EPSG:28992
  #=============================================================================

  LAYER
    NAME                    "publieke-werken-2500-1943-28992"
    GROUP                   "publieke-werken-2500-1943-28992"
    TILEINDEX               "/srv/mapserver/maps/publieke-werken-2500/1943/28992/index.shp"
    TILEITEM                "location"
    TYPE                    RASTER
    PROJECTION
      "init=epsg:28992"
    END

    METADATA
      "ows_title"           "Dienst der Publieke Werken 1:2500 (1943)"
      "ows_group_title"     "Dienst der Publieke Werken 1:2500 (1943)"
      "ows_abstract"        "Dienst der Publieke Werken 1:2500 (1943)"
      "wms_srs"             "EPSG:28992"
      "wms_name"            "publieke-werken-2500-1943-28992"
      "wms_format"          "image/tiff"
      "wms_server_version"  "1.1.1"
    END
  END

    #=============================================================================
  # 1943: Dienst der Publieke Werken 1:2500 EPSG:3875
  #=============================================================================

  LAYER
    NAME                    "publieke-werken-2500-1943-3875"
    GROUP                   "publieke-werken-2500-1943-3875"
    TILEINDEX               "/srv/mapserver/maps/publieke-werken-2500/1943/3875/index.shp"
    TILEITEM                "location"
    TYPE                    RASTER
    PROJECTION
      "init=epsg:3875"
    END

    METADATA
      "ows_title"           "Dienst der Publieke Werken 1:2500 (1943)"
      "ows_group_title"     "Dienst der Publieke Werken 1:2500 (1943)"
      "ows_abstract"        "Dienst der Publieke Werken 1:2500 (1943)"
      "wms_srs"             "EPSG:3875"
      "wms_name"            "publieke-werken-2500-1943-3875"
      "wms_format"          "image/tiff"
      "wms_server_version"  "1.1.1"
    END
  END

  #=============================================================================
END
