MAP
  NAME "Dienst der Publieke Werken"
  INCLUDE "publieke-werken.inc"

  WEB
    METADATA
      "ows_title"           "Dienst der Publieke Werken"
      "ows_abstract"        "Dienst der Publieke Werken"
    END
  END

  CONFIG "CPL_VSIL_CURL_ALLOWED_EXTENSIONS" ".tif"
  CONFIG "GDAL_DISABLE_READDIR_ON_OPEN"     "TRUE"

  #-------------------------------------------------------------------
  # UITVOERFORMATEN
  #-------------------------------------------------------------------

  OUTPUTFORMAT
    NAME "GTiff"
    DRIVER GDAL/GTiff
    MIMETYPE "image/tiff"
    IMAGEMODE RGB
    EXTENSION "tif"
  END

  #=============================================================================
  # 1943: Dienst der Publieke Werken
  #=============================================================================

  LAYER
    NAME                    "publieke-werken-1943-28992"
    GROUP                   "publieke-werken-1943-28992"
    TILEINDEX               "/srv/mapserver/publieke-werken/1943/28992/index/index.shp"
    TILEITEM                "location"
    TYPE                    RASTER
    PROJECTION
      "init=epsg:28992"
    END

    METADATA
      "ows_title"           "Dienst der Publieke Werken (1943)"
      "ows_group_title"     "Dienst der Publieke Werken (1943)"
      "ows_abstract"        "Dienst der Publieke Werken (1943)"
    END
  END

#=============================================================================
END
